Change Component Designator: OldDesignator=BT? NewDesignator=BT1
Change Component Designator: OldDesignator=R2 NewDesignator=R1
Change Component Designator: OldDesignator=R4 NewDesignator=R2
Change Component Designator: OldDesignator=R5 NewDesignator=R3
Change Component Designator: OldDesignator=R6 NewDesignator=R4
Change Component Designator: OldDesignator=R7 NewDesignator=R5
Change Component Designator: OldDesignator=R8 NewDesignator=R6
Change Component Designator: OldDesignator=R9 NewDesignator=R7
Change Component Designator: OldDesignator=R10 NewDesignator=R8
Change Component Designator: OldDesignator=R11 NewDesignator=R9
Change Component Designator: OldDesignator=R12 NewDesignator=R10
Change Net Name : Old Net Name=NetBT?_1 New Net Name=NetBT1_1
Change Net Name : Old Net Name=NetR4_2 New Net Name=NetR2_2
Change Net Name : Old Net Name=NetR10_2 New Net Name=NetR8_2
Change Net Name : Old Net Name=NetR11_2 New Net Name=NetR9_2
Change Net Name : Old Net Name=NetR12_2 New Net Name=NetR10_2
Added Member To Class: ClassName=Read Time sensor Tho AMT_V2.0 Member=Component P1 VCC
Added Member To Class: ClassName=Read Time sensor Tho AMT_V2.0 Member=Component P2 5V
Added Member To Class: ClassName=Read Time sensor Tho AMT_V2.0 Member=Component P3 INPUT
Added Member To Class: ClassName=Read Time sensor Tho AMT_V2.0 Member=Component P4 INPUT
