Removed Pin From Net: NetName=IN1 Pin=R2-1
Removed Pin From Net: NetName=IN2 Pin=R8-1
Removed Pin From Net: NetName=IN3 Pin=R9-1
Removed Pin From Net: NetName=IN4 Pin=R10-1
Removed Pin From Net: NetName=K_IN1 Pin=U2-9
Removed Pin From Net: NetName=K_IN2 Pin=U2-10
Removed Pin From Net: NetName=K_IN3 Pin=U2-11
Removed Pin From Net: NetName=COM1 Pin=U3-2
Removed Pin From Net: NetName=COM1 Pin=U5-2
Removed Pin From Net: NetName=COM2 Pin=U6-2
Removed Pin From Net: NetName=COM2 Pin=U7-2
Change Component Comment : Designator=U3 Old Comment=OPTO EL354 New Comment=OPTO EL357
Change Component Comment : Designator=U5 Old Comment=OPTO EL354 New Comment=OPTO EL357
Change Component Comment : Designator=U6 Old Comment=OPTO EL354 New Comment=OPTO EL357
Change Component Comment : Designator=U7 Old Comment=OPTO EL354 New Comment=OPTO EL357
Change component parameters: Designator = "U3" ("U3"); Footprint = "OPTO EL354"; UniqueID = "\WSXYATDA" ("\WSXYATDA")
Change component parameters (AddParameter): Name = "Value"; Value = "PC817"; VariantName = "[No Variations]"
Change component parameters: Designator = "U5" ("U5"); Footprint = "OPTO EL354"; UniqueID = "\WCOQSRUW" ("\WCOQSRUW")
Change component parameters (AddParameter): Name = "Value"; Value = "PC817"; VariantName = "[No Variations]"
Change component parameters: Designator = "U6" ("U6"); Footprint = "OPTO EL354"; UniqueID = "\PYWRNCGK" ("\PYWRNCGK")
Change component parameters (AddParameter): Name = "Value"; Value = "PC817"; VariantName = "[No Variations]"
Change component parameters: Designator = "U7" ("U7"); Footprint = "OPTO EL354"; UniqueID = "\BWLJGWOM" ("\BWLJGWOM")
Change component parameters (AddParameter): Name = "Value"; Value = "PC817"; VariantName = "[No Variations]"
Added Pin To Net: NetName=COM1 Pin=R2-1
Added Pin To Net: NetName=COM1 Pin=R8-1
Added Pin To Net: NetName=COM2 Pin=R9-1
Added Pin To Net: NetName=COM2 Pin=R10-1
Added Pin To Net: NetName=K_IN1 Pin=U2-1
Added Pin To Net: NetName=K_IN2 Pin=U2-2
Added Pin To Net: NetName=K_IN3 Pin=U2-9
Added Pin To Net: NetName=IN1 Pin=U3-2
Added Pin To Net: NetName=IN2 Pin=U5-2
Added Pin To Net: NetName=IN3 Pin=U6-2
Added Pin To Net: NetName=IN4 Pin=U7-2
Added Member To Class: ClassName=Read Time sensor Tho AMT_V2.0 Member=Component C4 104
Added Member To Class: ClassName=Read Time sensor Tho AMT_V2.0 Member=Component C5 22pF
Added Member To Class: ClassName=Read Time sensor Tho AMT_V2.0 Member=Component C6 22pF
Added Member To Class: ClassName=Read Time sensor Tho AMT_V2.0 Member=Component C7 104
Added Member To Class: ClassName=Read Time sensor Tho AMT_V2.0 Member=Component C8 104
